--- Testing Streaming Chat Endpoint ---
Chunk: {"userText":"Σ╜áσÑ╜σòè∩╝îµêæµâ│σÉ¼σÉ¼Σ╜áτÜäσú░Θƒ│πÇé","aiText":"Σ╜áσÑ╜∩╝üσ╛êΘ½ÿσà┤Φâ╜ΘÇÜΦ┐çΦ┐Öτºìµû╣σ╝ÅΣ╕ÄΣ╜áΣ║ñµ╡üπÇéΦÖ╜τä╢µêæµùáµ│òτ¢┤µÄÑΣ╕ÄΣ╜áσ»╣Φ»¥∩╝îΣ╜åµêæΣ╝Üτö¿σ┐âσ¢₧σñìµëÇµ£ëΣ┐íµü»πÇéΦ«⌐µêæΣ╗¼σ╝ÇσºïΣ╕Çµ«╡σ»╣Φ»¥∩╝îΣ╜áσÅ»Σ╗ÑσêåΣ║½Σ╕ÇΣ║¢Σ╜áµäƒσà┤Φ╢úτÜäΦ»¥ΘóÿπÇüµäƒσÅùµêûΦÇàµÿ»µùÑσ╕╕τÜäσ░ÅΣ║ïπÇéµêæσ╛êµä┐µäÅσÇ╛σÉ¼∩╝îΣ╕║Σ╜áµÅÉΣ╛¢ΘÖ¬Σ╝┤σÆîΦºúτ¡öπÇé","audioUrl":"https://zixweqzidxgdmuygwhjt.supabase.co/storage/v1/object/public/audio_responses/test-user_1772145043619.mp3"}
Stream finished.
